warning: unused import: `matmul_f32`
 --> crates/wasm-chord-runtime/src/transformer/focused_debug.rs:4:22
  |
4 | use wasm_chord_cpu::{matmul_f32, matmul_transposed};
  |                      ^^^^^^^^^^
  |
  = note: `#[warn(unused_imports)]` on by default

warning: unused variable: `initial_bytes`
  --> crates/wasm-chord-runtime/src/memory64.rs:16:16
   |
16 |     pub fn new(initial_bytes: u64, max_bytes: u64) -> Result<Self> {
   |                ^^^^^^^^^^^^^ help: if this is intentional, prefix it with an underscore: `_initial_bytes`
   |
   = note: `#[warn(unused_variables)]` on by default

warning: unused variable: `max_bytes`
  --> crates/wasm-chord-runtime/src/memory64.rs:16:36
   |
16 |     pub fn new(initial_bytes: u64, max_bytes: u64) -> Result<Self> {
   |                                    ^^^^^^^^^ help: if this is intentional, prefix it with an underscore: `_max_bytes`

warning: unused variable: `vocab_size`
   --> crates/wasm-chord-runtime/src/transformer/model.rs:157:5
    |
157 |     vocab_size: usize,
    |     ^^^^^^^^^^ help: if this is intentional, prefix it with an underscore: `_vocab_size`

warning: function `diagnose_weight_storage_format` is never used
 --> crates/wasm-chord-runtime/src/transformer/debug_weights.rs:7:8
  |
7 | pub fn diagnose_weight_storage_format() -> Result<()> {
  |        ^^^^^^^^^^^^^^^^^^^^^^^^^^^^^^
  |
  = note: `#[warn(dead_code)]` on by default

warning: function `run_critical_checks` is never used
   --> crates/wasm-chord-runtime/src/transformer/debug_weights.rs:108:8
    |
108 | pub fn run_critical_checks() -> Result<()> {
    |        ^^^^^^^^^^^^^^^^^^^

warning: function `matmul_self_test` is never used
   --> crates/wasm-chord-runtime/src/transformer/debug_weights.rs:131:4
    |
131 | fn matmul_self_test() -> Result<()> {
    |    ^^^^^^^^^^^^^^^^

warning: function `matmul_naive` is never used
  --> crates/wasm-chord-runtime/src/transformer/model.rs:95:4
   |
95 | fn matmul_naive(a: &[f32], b: &[f32], m: usize, k: usize, n: usize) -> Vec<f32> {
   |    ^^^^^^^^^^^^

warning: function `matmul_self_test` is never used
   --> crates/wasm-chord-runtime/src/transformer/model.rs:110:4
    |
110 | fn matmul_self_test() -> Result<()> {
    |    ^^^^^^^^^^^^^^^^

warning: `wasm-chord-runtime` (lib) generated 9 warnings (run `cargo fix --lib -p wasm-chord-runtime` to apply 1 suggestion)
warning: unused import: `Seek`
 --> examples/ollama-comparison/main.rs:4:26
  |
4 | use std::io::{BufReader, Seek};
  |                          ^^^^
  |
  = note: `#[warn(unused_imports)]` on by default

warning: unused variable: `desc`
   --> examples/ollama-comparison/main.rs:145:10
    |
145 |     for (desc, variants) in &test_tokens {
    |          ^^^^ help: if this is intentional, prefix it with an underscore: `_desc`
    |
    = note: `#[warn(unused_variables)]` on by default

warning: unused variable: `max_logit`
   --> examples/ollama-comparison/main.rs:157:9
    |
157 |     let max_logit = indexed_logits[0].1;
    |         ^^^^^^^^^ help: if this is intentional, prefix it with an underscore: `_max_logit`

warning: `ollama-comparison` (bin "main") generated 3 warnings (run `cargo fix --bin "main"` to apply 1 suggestion)
    Finished `release` profile [optimized] target(s) in 0.06s
     Running `target/release/main`
🔍 Direct Comparison with Ollama TinyLlama
==========================================

1️⃣ Loading Model Configuration
-------------------------------
✅ GGUF file loaded successfully
   Architecture: "llama"
   Tensor count: 201
   Vocab size: None
✅ Model configuration:
   Vocab size: 32000
   Hidden size: 2048
   Num layers: 22
   Num heads: 32
   Num KV heads: 4
   Intermediate size: 5632
   RMS norm eps: 0.00001
   RoPE theta: 10000

2️⃣ Loading Tokenizer
--------------------
✅ Tokenizer loaded: 32000 tokens

3️⃣ Tokenization Analysis
-------------------------
🔍 Encoding prompt: "Hello"
🔍 BPE encoding: "▁Hello"
✅ Using BPE with 61249 merges
✅ Tokens for 'Hello': [1, 15043]
✅ Token ID 15043 maps to: "▁Hello"
✅ Our token 1 maps to: "<s>"

🔍 Testing multiple prompts:
🔍 BPE encoding: "▁Hello"
✅ Using BPE with 61249 merges
  'Hello' -> token 15043 ("▁Hello")
🔍 BPE encoding: "▁Yes"
✅ Using BPE with 61249 merges
  'Yes' -> token 3869 ("▁Yes")
🔍 BPE encoding: "▁No"
✅ Using BPE with 61249 merges
  'No' -> token 1939 ("▁No")
🔍 BPE encoding: "▁The"
✅ Using BPE with 61249 merges
  'The' -> token 450 ("▁The")
🔍 BPE encoding: "▁A"
✅ Using BPE with 61249 merges
  'A' -> token 319 ("▁A")
🔍 BPE encoding: "▁Paris"
✅ Using BPE with 61249 merges
  'Paris' -> token 3681 ("▁Paris")

🔍 Vocabulary sample (first 20 tokens):
  0: "<unk>"
  1: "<s>"
  2: "</s>"
  3: "<0x00>"
  4: "<0x01>"
  5: "<0x02>"
  6: "<0x03>"
  7: "<0x04>"
  8: "<0x05>"
  9: "<0x06>"
  10: "<0x07>"
  11: "<0x08>"
  12: "<0x09>"
  13: "<0x0A>"
  14: "<0x0B>"
  15: "<0x0C>"
  16: "<0x0D>"
  17: "<0x0E>"
  18: "<0x0F>"
  19: "<0x10>"

4️⃣ Loading Model Weights
-------------------------
🧪 Running focused debugging...
🧪 RUNNING FOCUSED DEBUGGING TESTS
===================================
🔍 DEBUGGING ATTENTION COMPUTATION
==================================
1. Testing attention weight magnitudes...
   Identity matrix test diff: 0
   ✅ Identity matrix test PASSED
2. Testing attention computation...
   Attention output sum: 614.38727
   ✅ Attention computation produces reasonable output

🔍 DEBUGGING ROPE APPLICATION
============================
   Q after RoPE sum: 201.6
   K after RoPE sum: 403.2
   ✅ RoPE application produces reasonable values

🔍 DEBUGGING LM HEAD
===================
   Logits sum: 2048
   Max logit: 1
   ✅ LM head produces reasonable logits

✅ All focused debugging tests completed!
✅ All focused debugging tests passed!
Q4_K dequant: BLOCK_SIZE=144, data.len()=32768000, element_count=65536000, expected_blocks=256000
  First Q4_K block raw bytes (first 20):
    01 00 | 04 00 | fa fc ff f7 ff fd fe fc 85 73 bb 85 | 26 16 16 17 
    d_raw=0x0001, dmin_raw=0x0004
Q4_K dequant first block:
  d=0.0000000596, min=0.0000002384
  scales bytes: [fa, fc, ff, f7, ff, fd, fe, fc, 85, 73, bb, 85]
  Group 0: sc0=58, m0=63, sc1=60, m1=61
  Group 1: sc0=63, m0=62, sc1=55, m1=60
  Group 2: sc0=53, m0=56, sc1=51, m1=55
  Group 3: sc0=59, m0=59, sc1=53, m1=56
  First Q4_K block: d=0.000000059604645, dmin=0.00000023841858, nan=false, inf=false
  scales[0]=0xfa, qs[0]=0x26
  First 10 dequantized values: [5.722046e-6, 5.722046e-6, 5.722046e-6, 9.179115e-6, 5.722046e-6, -4.6491623e-6, -4.6491623e-6, 9.179115e-6, 1.2636185e-5, 5.722046e-6]
✅ Found 'token_embd.weight'
LOADED 'token_embd.weight' raw.len=65536000
STATS 'token_embd.weight (raw)' len=65536000 nan=0 inf=0 zeros=7510156 mean=-0.000009 std=0.014025 min=-0.117399 max=0.150171
  preview: ["0.000006", "0.000006", "0.000006", "0.000009", "0.000006", "-0.000005", "-0.000005", "0.000009"]
  Raw preview (first 20): [5.722046e-6, 5.722046e-6, 5.722046e-6, 9.179115e-6, 5.722046e-6, -4.6491623e-6, -4.6491623e-6, 9.179115e-6, 1.2636185e-5, 5.722046e-6, -4.6491623e-6, 1.2636185e-5, -1.50203705e-5, -1.1920929e-6, -1.1563301e-5, 1.6093254e-5, -1.50203705e-5, -1.1563301e-5, 9.179115e-6, 2.2649765e-6]
🔍 Loading token embeddings as-is: [vocab_size=32000, hidden_size=2048]
  Embeddings preview (first 20): [5.722046e-6, 5.722046e-6, 5.722046e-6, 9.179115e-6, 5.722046e-6, -4.6491623e-6, -4.6491623e-6, 9.179115e-6, 1.2636185e-5, 5.722046e-6, -4.6491623e-6, 1.2636185e-5, -1.50203705e-5, -1.1920929e-6, -1.1563301e-5, 1.6093254e-5, -1.50203705e-5, -1.1563301e-5, 9.179115e-6, 2.2649765e-6]
STATS 'token_embd.weight (model)' len=65536000 nan=0 inf=0 zeros=7510156 mean=-0.000009 std=0.014025 min=-0.117399 max=0.150171
  preview: ["0.000006", "0.000006", "0.000006", "0.000009", "0.000006", "-0.000005", "-0.000005", "0.000009"]
LOADED 'output_norm.weight' raw.len=2048
STATS 'output_norm.weight (raw)' len=2048 nan=0 inf=0 zeros=0 mean=1.914886 std=0.136444 min=0.507812 max=3.187500
  preview: ["1.921875", "1.820312", "1.945312", "1.984375", "1.914062", "1.906250", "1.914062", "1.664062"]
STATS 'output_norm.weight (model)' len=2048 nan=0 inf=0 zeros=0 mean=1.914886 std=0.136444 min=0.507812 max=3.187500
  preview: ["1.921875", "1.820312", "1.945312", "1.984375", "1.914062", "1.906250", "1.914062", "1.664062"]
✅ Output norm loaded
Q6_K dequant: BLOCK_SIZE=210, data.len()=32768000, element_count=65536000, expected_blocks=256000
✅ Found 'output.weight'
LOADED 'output.weight' raw.len=65536000
STATS 'output.weight (raw)' len=65536000 nan=0 inf=0 zeros=26663125 mean=-0.000206 std=0.019157 min=-0.453125 max=0.318359
  preview: ["0.012174", "-0.022724", "-0.024347", "-0.000812", "-0.013797", "-0.002435", "0.009739", "-0.001623"]
🔍 Loading LM head tensor: 65536000 elements
STATS 'output.weight (model)' len=65536000 nan=0 inf=0 zeros=26663125 mean=-0.000206 std=0.019157 min=-0.453125 max=0.318359
  preview: ["0.012174", "-0.022724", "-0.024347", "-0.000812", "-0.013797", "-0.002435", "0.009739", "-0.001623"]
✅ LM head loaded (shape: [vocab_size=32000, hidden_size=2048]) for transposed matmul
LM_HEAD len=65536000, expected=65536000 (vocab_size * hidden_size=65536000)
token_embeddings.len()=65536000
  First Q4_K block raw bytes (first 20):
    28 04 | 33 10 | dd ad ed a8 dc 5d f7 d8 13 7d ff 0a | 57 76 64 50 
    d_raw=0x0428, dmin_raw=0x1033
  First Q4_K block: d=0.00006341934, dmin=0.00051259995, nan=false, inf=false
  scales[0]=0xdd, qs[0]=0x57
  First 10 dequantized values: [-0.001478672, -0.003317833, -0.006996155, -0.014352798, -0.003317833, -0.003317833, 0.0003604889, -0.003317833, 0.0003604889, 0.013234615]
LOADED 'blk.0.attn_q.weight' raw.len=4194304
STATS 'blk.0.attn_q.weight (model)' len=4194304 nan=0 inf=0 zeros=469215 mean=-0.000014 std=0.015838 min=-1.585190 max=1.030758
  preview: ["-0.001479", "-0.003318", "-0.006996", "-0.014353", "-0.003318", "-0.003318", "0.000360", "-0.003318"]
  First Q4_K block raw bytes (first 20):
    3d 05 | d2 11 | eb b9 e6 5f db 54 e0 9f ff a5 d4 0d | 55 06 30 4f 
    d_raw=0x053d, dmin_raw=0x11d2
  First Q4_K block: d=0.00007992983, dmin=0.00071048737, nan=false, inf=false
  scales[0]=0xeb, qs[0]=0x55
  First 10 dequantized values: [-0.0019982457, 0.0014387369, -0.019183159, 0.03237158, -0.0054352283, 0.008312702, 0.0014387369, -0.0054352283, 0.0014387369, -0.015746176]
LOADED 'blk.0.attn_k.weight' raw.len=524288
STATS 'blk.0.attn_k.weight (model)' len=524288 nan=0 inf=0 zeros=58550 mean=-0.000100 std=0.030331 min=-3.106934 max=1.184326
  preview: ["-0.001998", "0.001439", "-0.019183", "0.032372", "-0.005435", "0.008313", "0.001439", "-0.005435"]
LOADED 'blk.0.attn_v.weight' raw.len=524288
STATS 'blk.0.attn_v.weight (model)' len=524288 nan=0 inf=0 zeros=217090 mean=-0.000010 std=0.007780 min=-0.064804 max=0.058182
  preview: ["0.028381", "0.005913", "-0.000000", "-0.005913", "0.007095", "-0.008278", "0.007095", "-0.015373"]
  First Q4_K block raw bytes (first 20):
    ba 01 | 26 0b | df a5 b8 ec d4 61 7f eb 0f db d3 91 | d8 54 17 b9 
    d_raw=0x01ba, dmin_raw=0x0b26
  First Q4_K block: d=0.000026345253, dmin=0.000218153, nan=false, inf=false
  scales[0]=0xdf, qs[0]=0xd8
  First 10 dequantized values: [0.0021705627, -0.0010962486, 0.0013538599, 0.0029872656, 0.00053715706, -0.00027954578, -0.00436306, 0.0029872656, 0.00053715706, -0.0035463572]
LOADED 'blk.0.attn_output.weight' raw.len=4194304
STATS 'blk.0.attn_output.weight (raw)' len=4194304 nan=0 inf=0 zeros=466519 mean=-0.000002 std=0.007841 min=-0.337177 max=0.369265
  preview: ["0.002171", "-0.001096", "0.001354", "0.002987", "0.000537", "-0.000280", "-0.004363", "0.002987"]
STATS 'blk.0.attn_output.weight (model)' len=4194304 nan=0 inf=0 zeros=466519 mean=-0.000002 std=0.007841 min=-0.337177 max=0.369265
  preview: ["0.002171", "-0.001096", "0.001354", "0.002987", "0.000537", "-0.000280", "-0.004363", "0.002987"]
🔍 Debugging attention weight orientation for layer 0...
🔍 CHECKING ATTENTION WEIGHT ORIENTATION
=========================================
WQ: sum=-57.330170, mean=-0.000014, std=0.015809
WK: sum=-52.437252, mean=-0.000100, std=0.030327
WV: sum=-5.236122, mean=-0.000010, std=0.007780
WO: sum=-6.969257, mean=-0.000002, std=0.007823
WQ test with all-ones input:
  Standard matmul sum: -57.329308
  Transposed matmul sum: -57.329300
❓ WQ orientation unclear - both give similar results
WQ stats: sum=-57.330170, mean=-0.000014, variance=0.000250
⚠️  WQ has very low variance - may need transposing!
🔧 Attempting to transpose attention weights...
🔧 TRANSPOSING ATTENTION WEIGHTS
================================
✅ All attention weights transposed!
✅ Attention weights transposed!
  First Q4_K block raw bytes (first 20):
    06 06 | eb 12 | f5 ef ef ad ae a9 e4 9d d4 b3 ff 39 | a8 da 7a 7b 
    d_raw=0x0606, dmin_raw=0x12eb
  First Q4_K block: d=0.00009191036, dmin=0.0008444786, nan=false, inf=false
  scales[0]=0xf5, qs[0]=0xa8
  First 10 dequantized values: [0.00012397766, 0.009866476, 0.009866476, 0.014737725, -0.009618521, 0.024480224, 0.00012397766, 0.014737725, 0.029351473, 0.014737725]
  First Q4_K block raw bytes (first 20):
    5e 05 | 51 11 | b8 b1 f9 bf bf b4 ac bb ba af 20 96 | 4b 69 2a 96 
    d_raw=0x055e, dmin_raw=0x1151
  First Q4_K block: d=0.00008189678, dmin=0.0006489754, nan=false, inf=false
  scales[0]=0xb8, qs[0]=0x4b
  First 10 dequantized values: [0.009562969, 0.00039052963, 0.0049767494, -0.01336813, -0.00878191, 0.00039052963, 0.023321629, 0.0049767494, 0.014149189, 0.0049767494]
  First Q4_K block raw bytes (first 20):
    e4 0a | a1 15 | e6 a8 ae b2 e9 ea ff eb df 6d 6b 37 | 57 65 76 b6 
    d_raw=0x0ae4, dmin_raw=0x15a1
  First Q4_K block: d=0.00021028519, dmin=0.0013742447, nan=false, inf=false
  scales[0]=0xe6, qs[0]=0x57
  First 10 dequantized values: [-0.0004081726, -0.016389847, -0.00839901, -0.00839901, -0.0004081726, -0.0004081726, -0.00839901, -0.040362358, -0.0004081726, -0.056344032]
  First Q4_K block raw bytes (first 20):
    eb 0d | 79 19 | bb a2 7f e3 ff a2 74 66 3e 85 df a6 | c8 67 44 20 
    d_raw=0x0deb, dmin_raw=0x1979
  First Q4_K block: d=0.00036120415, dmin=0.0026721954, nan=false, inf=false
  scales[0]=0xbb, qs[0]=0xc8
  First 10 dequantized values: [0.0021400452, -0.019171, -0.08310413, -0.16834831, 0.15131736, 0.0021400452, -0.019171, 0.02345109, -0.019171, 0.087384224]
  First Q4_K block raw bytes (first 20):
    87 06 | 68 11 | af f3 b0 a7 bf b4 aa ac f5 cf e8 c4 | 29 6e 46 3a 
    d_raw=0x0687, dmin_raw=0x1168
  First Q4_K block: d=0.00009959936, dmin=0.0006599426, nan=false, inf=false
  scales[0]=0xaf, qs[0]=0x29
  First 10 dequantized values: [0.0005541444, 0.023959994, -0.013489366, 0.0052353144, -0.0041270256, 0.014597654, -0.013489366, 0.019278824, 0.0052353144, 0.0005541444]
  First Q4_K block raw bytes (first 20):
    6b 05 | c6 11 | f6 ed f1 f8 f5 ef fa f6 7f 43 fd 8e | 95 e3 aa 99 
    d_raw=0x056b, dmin_raw=0x11c6
  First Q4_K block: d=0.00008267164, dmin=0.0007047653, nan=false, inf=false
  scales[0]=0xf6, qs[0]=0x95
  First 10 dequantized values: [-0.0150312185, -0.023959756, 0.007290125, 0.0028258562, 0.0028258562, -0.01056695, 0.0028258562, -0.006102681, 0.0028258562, 0.020682931]
  First Q4_K block raw bytes (first 20):
    d1 06 | 9e 13 | eb b1 ff 70 a6 6c bf 6d 42 d7 ac ae | 65 74 77 76 
    d_raw=0x06d1, dmin_raw=0x139e
  First Q4_K block: d=0.000104010105, dmin=0.00092983246, nan=false, inf=false
  scales[0]=0xeb, qs[0]=0x65
  First 10 dequantized values: [-0.012971461, -0.017443895, -0.004026592, -0.008499026, 0.031752884, 0.01833558, -0.008499026, 0.0049182773, 0.00044584274, -0.004026592]
  First Q4_K block raw bytes (first 20):
    d6 09 | 2d 16 | be ee f5 ec bf a3 f1 ad 7d 62 1f 40 | 79 64 44 80 
    d_raw=0x09d6, dmin_raw=0x162d
  First Q4_K block: d=0.00017809868, dmin=0.0015077591, nan=false, inf=false
  scales[0]=0xbe, qs[0]=0x79
  First 10 dequantized values: [0.0043902397, -0.05082035, -0.05082035, -0.09498882, 0.07064295, 0.0043902397, -0.05082035, 0.015432358, -0.0066518784, 0.026474476]
  First Q4_K block raw bytes (first 20):
    4b 0f | 1c 1c | 59 5e 7f 5d 57 5c 7f 55 33 67 8d ab | dd c8 59 97 
    d_raw=0x0f4b, dmin_raw=0x1c1c
  First Q4_K block: d=0.0004451275, dmin=0.0040130615, nan=false, inf=false
  scales[0]=0x59, qs[0]=0xdd
  First 10 dequantized values: [0.05236602, -0.0032749176, 0.00785327, -0.014403105, 0.018981457, -0.0032749176, -0.0032749176, -0.047787666, 0.018981457, 0.04123783]
  First Q4_K block raw bytes (first 20):
    87 04 | 2c 11 | a8 e8 a7 ed a1 e3 9f a2 39 ff 16 0f | 26 26 b7 78 
    d_raw=0x0487, dmin_raw=0x112c
  First Q4_K block: d=0.00006908178, dmin=0.0006313324, nan=false, inf=false
  scales[0]=0xa8, qs[0]=0x26
  First 10 dequantized values: [-0.004254341, -0.004254341, -0.0014910698, 0.0012722015, 0.0095620155, 0.0012722015, 0.0012722015, -0.009780884, 0.012325287, 0.006798744]
  First Q4_K block raw bytes (first 20):
    61 03 | 93 0f | ff fd fe f9 bc f1 bf ad bd 17 73 61 | be 89 97 ba 
    d_raw=0x0361, dmin_raw=0x0f93
  First Q4_K block: d=0.000051558018, dmin=0.00046229362, nan=false, inf=false
  scales[0]=0xff, qs[0]=0xbe
  First 10 dequantized values: [0.017736554, 0.0014957786, -0.0050005317, 0.0047439337, 0.014488399, 0.0014957786, 0.017736554, -0.021241307, 0.0014957786, -0.0017523766]
  First Q4_K block raw bytes (first 20):
    2c 06 | bb 11 | b4 f3 f8 ff b5 f2 f1 f6 58 f6 19 58 | 87 65 ce 75 
    d_raw=0x062c, dmin_raw=0x11bb
  First Q4_K block: d=0.00009417534, dmin=0.0006995201, nan=false, inf=false
  scales[0]=0xb4, qs[0]=0x87
  First 10 dequantized values: [-0.0027947426, -0.012588978, 0.03148508, -0.012588978, 0.016793728, 0.021690845, 0.002102375, 0.021690845, 0.002102375, 0.01189661]
  First Q4_K block raw bytes (first 20):
    27 07 | b7 13 | f4 f1 e9 ff e9 f1 d7 b8 06 5c f3 a9 | b7 99 73 d8 
    d_raw=0x0727, dmin_raw=0x13b7
  First Q4_K block: d=0.000109136105, dmin=0.0009417534, nan=false, inf=false
  scales[0]=0xf4, qs[0]=0xb7
  First 10 dequantized values: [0.0011136532, 0.012463808, -0.021586657, 0.0067887306, 0.023813963, -0.0045614243, -0.03293681, 0.012463808, -0.027261734, -0.03861189]
  First Q4_K block raw bytes (first 20):
    5b 06 | d8 11 | f9 ee f5 f8 f6 b5 ff fd f0 51 50 6f | a7 68 76 0a 
    d_raw=0x065b, dmin_raw=0x11d8
  First Q4_K block: d=0.00009697676, dmin=0.0007133484, nan=false, inf=false
  scales[0]=0xf9, qs[0]=0xa7
  First 10 dequantized values: [0.00017291307, 0.005700588, -0.005354762, 0.016755939, 0.005700588, 0.011228263, 0.022283614, 0.033338964, -0.021937788, -0.005354762]
  First Q4_K block raw bytes (first 20):
    ed 04 | 40 11 | f5 a3 f1 ec f1 9e b8 ed 22 2d f4 ff | c6 7c ac 20 
    d_raw=0x04ed, dmin_raw=0x1140
  First Q4_K block: d=0.00007516146, dmin=0.00064086914, nan=false, inf=false
  scales[0]=0xf5, qs[0]=0xc6
  First 10 dequantized values: [-0.0075012445, 0.016400099, 0.016400099, -0.031402588, -0.011484802, 0.004449427, -0.0075012445, 0.016400099, -0.011484802, -0.011484802]
  First Q4_K block raw bytes (first 20):
    fe 0d | 40 1b | 9f 5f d7 a5 94 5b d4 5c 27 47 ff e0 | 5a 60 d5 0e 
    d_raw=0x0dfe, dmin_raw=0x1b40
  First Q4_K block: d=0.0003657341, dmin=0.003540039, nan=false, inf=false
  scales[0]=0x9f, qs[0]=0x5a
  First 10 dequantized values: [0.04257679, -0.07080078, -0.014111996, 0.08792782, -0.025449753, 0.031239033, -0.014111996, -0.014111996, 0.031239033, -0.0027742386]
  First Q4_K block raw bytes (first 20):
    6b 04 | 79 10 | fb f0 bf fc fe ea 7c ba f3 07 b1 e9 | 70 78 6a 36 
    d_raw=0x046b, dmin_raw=0x1079
  First Q4_K block: d=0.00006741285, dmin=0.00054597855, nan=false, inf=false
  scales[0]=0xfb, qs[0]=0x70
  First 10 dequantized values: [-0.03385067, -0.0020318031, 0.0059229136, -0.00998652, 0.0059229136, -0.013963878, -0.029873312, 0.017854989, -0.00998652, 0.0059229136]
  First Q4_K block raw bytes (first 20):
    ab 04 | 01 10 | f0 ef bf f4 e8 b9 ff f6 9b f1 3f d8 | 99 ae 4b 96 
    d_raw=0x04ab, dmin_raw=0x1001
  First Q4_K block: d=0.00007122755, dmin=0.0004887581, nan=false, inf=false
  scales[0]=0xf0, qs[0]=0x99
  First 10 dequantized values: [0.011219978, 0.02831459, 0.018057823, 0.00096321106, -0.005874634, -0.016131401, 0.018057823, 0.007801056, -0.009293556, 0.00096321106]
  First Q4_K block raw bytes (first 20):
    29 06 | e4 12 | b3 e8 ea f4 63 dd e6 f2 ae 68 fb 6f | af a5 44 43 
    d_raw=0x0629, dmin_raw=0x12e4
  First Q4_K block: d=0.000093996525, dmin=0.00084114075, nan=false, inf=false
  scales[0]=0xb3, qs[0]=0xaf
  First 10 dequantized values: [0.042467415, -0.0054708123, -0.010264635, -0.015058458, -0.00067698956, 0.013704479, -0.015058458, -0.00067698956, 0.008910656, 0.023292124]
  First Q4_K block raw bytes (first 20):
    94 05 | cc 11 | f8 a7 ff ad bf a1 e8 67 cf 01 db 83 | 64 bb b6 c9 
    d_raw=0x0594, dmin_raw=0x11cc
  First Q4_K block: d=0.00008511543, dmin=0.00070762634, nan=false, inf=false
  scales[0]=0xf8, qs[0]=0x64
  First 10 dequantized values: [-0.025514603, 0.007850647, -0.015981674, -0.0016822815, -0.0016822815, 0.007850647, 0.02215004, -0.020748138, -0.0016822815, 0.007850647]
  First Q4_K block raw bytes (first 20):
    6f 06 | b3 11 | f4 e1 f4 ff ff da fa ba 36 8a 79 75 | 54 0c 97 66 
    d_raw=0x066f, dmin_raw=0x11b3
  First Q4_K block: d=0.00009816885, dmin=0.0006957054, nan=false, inf=false
  scales[0]=0xf4, qs[0]=0x54
  First 10 dequantized values: [-0.02341032, 0.017427921, -0.00809598, -0.01320076, -0.0285151, 0.0021135807, 0.027637482, 0.022532701, -0.0029911995, -0.0029911995]
  First Q4_K block raw bytes (first 20):
    11 06 | a7 11 | ea f8 ad f9 e6 ee a8 f2 3a 0a 57 ff | 9c 74 3f 63 
    d_raw=0x0611, dmin_raw=0x11a7
  First Q4_K block: d=0.00009256601, dmin=0.00068998337, nan=false, inf=false
  scales[0]=0xea, qs[0]=0x9c
  First 10 dequantized values: [0.020433903, -0.010668278, 0.03209722, -0.01455605, 0.01654613, 0.01654613, -0.01455605, 0.01654613, -0.01455605, -0.018443823]
  First Q4_K block raw bytes (first 20):
    17 09 | 4d 15 | f3 ff ee f2 ec ff dc ea 7a 4b 30 31 | a5 cb 96 99 
    d_raw=0x0917, dmin_raw=0x154d
  First Q4_K block: d=0.0001553297, dmin=0.001294136, nan=false, inf=false
  scales[0]=0xf3, qs[0]=0xa5
  First 10 dequantized values: [-0.017332911, 0.030197978, -0.009411097, 0.014354348, 0.038119793, -0.017332911, 0.022276163, 0.022276163, -0.041098356, -0.009411097]
  First Q4_K block raw bytes (first 20):
    e9 04 | 08 11 | bf e8 f1 f2 ad 9e ea ec 79 68 f8 02 | 71 07 56 75 
    d_raw=0x04e9, dmin_raw=0x1108
  First Q4_K block: d=0.00007492304, dmin=0.00061416626, nan=false, inf=false
  scales[0]=0xbf, qs[0]=0x71
  First 10 dequantized values: [-0.02291733, 0.0054035783, 0.00068342686, -0.0040367246, -0.0040367246, -0.008756876, 0.01012373, 0.00068342686, -0.027637482, -0.0040367246]
  First Q4_K block raw bytes (first 20):
    2a 06 | b0 11 | f7 eb ee f9 ff e5 ba fe e2 48 f0 af | 99 a8 94 3c 
    d_raw=0x062a, dmin_raw=0x11b0
  First Q4_K block: d=0.00009405613, dmin=0.0006942749, nan=false, inf=false
  scales[0]=0xf7, qs[0]=0x99
  First 10 dequantized values: [0.0028184652, -0.002354622, -0.02304697, 0.018337727, -0.002354622, -0.012700796, 0.018337727, 0.033856988, -0.02304697, -0.017873883]
  First Q4_K block raw bytes (first 20):
    f7 05 | a3 11 | eb f7 ff ff aa f2 ff f9 8c 81 5b db | 45 4a 72 49 
    d_raw=0x05f7, dmin_raw=0x11a3
  First Q4_K block: d=0.00009101629, dmin=0.000688076, nan=false, inf=false
  scales[0]=0xeb, qs[0]=0x45
  First 10 dequantized values: [-0.00933069, 0.010237813, -0.021071792, 0.0063241124, -0.0132443905, -0.021071792, -0.021071792, 0.014151514, 0.018065214, -0.017158091]
  First Q4_K block raw bytes (first 20):
    01 05 | cd 11 | b1 ee bf b6 9f a1 bf a4 6c a1 ad 34 | c4 72 56 63 
    d_raw=0x0501, dmin_raw=0x11cd
  First Q4_K block: d=0.00007635355, dmin=0.0007081032, nan=false, inf=false
  scales[0]=0xb1, qs[0]=0xc4
  First 10 dequantized values: [-0.006985903, -0.014468551, 0.0004967451, -0.010727227, 0.004238069, 0.030427337, -0.014468551, 0.004238069, -0.0032445788, 0.011720717]
  First Q4_K block raw bytes (first 20):
    db 08 | d6 14 | f1 ff be ec e3 fd a8 ee f8 00 bf 10 | 64 77 66 57 
    d_raw=0x08db, dmin_raw=0x14d6
  First Q4_K block: d=0.00014817715, dmin=0.0011806488, nan=false, inf=false
  scales[0]=0xf1, qs[0]=0x64
  First 10 dequantized values: [-0.012279987, 0.009502053, 0.002241373, 0.009502053, 0.002241373, 0.024023414, 0.031284094, 0.002241373, -0.005019307, -0.019540668]
  First Q4_K block raw bytes (first 20):
    63 04 | fa 0f | ab f4 bf ad ae fe bf a6 34 f7 a6 bf | 76 98 ba c6 
    d_raw=0x0463, dmin_raw=0x0ffa
  First Q4_K block: d=0.000066936016, dmin=0.00048685074, nan=false, inf=false
  scales[0]=0xab, qs[0]=0x76
  First 10 dequantized values: [-0.005125642, 0.00063085556, 0.006387353, -0.005125642, -0.0080038905, 0.006387353, 0.0035091043, 0.017900348, 0.0035091043, -0.0022473931]
  First Q4_K block raw bytes (first 20):
    9a 05 | 8c 10 | ae 6b ea 7f bf ba f4 7a 80 47 16 8d | 79 a2 4b 8b 
    d_raw=0x059a, dmin_raw=0x108c
  First Q4_K block: d=0.00008547306, dmin=0.00055503845, nan=false, inf=false
  scales[0]=0xae, qs[0]=0x79
  First 10 dequantized values: [0.0004184246, -0.0271039, 0.008281946, 0.008281946, 0.012213707, -0.0271039, 0.0043501854, 0.016145468, 0.0043501854, -0.011376858]
  First Q4_K block raw bytes (first 20):
    eb 06 | 68 12 | a6 e7 f8 f8 9f a4 ff f0 b2 92 9f 38 | 49 b9 f8 96 
    d_raw=0x06eb, dmin_raw=0x1268
  First Q4_K block: d=0.000105559826, dmin=0.00078201294, nan=false, inf=false
  scales[0]=0xa6, qs[0]=0x49
  First 10 dequantized values: [0.011859059, 0.011859059, 0.007847786, -0.00017476082, 0.015870333, 0.0038365126, 0.007847786, -0.016219854, 0.011859059, -0.00017476082]
  First Q4_K block raw bytes (first 20):
    1a 06 | ec 12 | e8 f9 f8 ec a1 f4 f3 ec 17 22 8e ff | 8a 36 2f 9f 
    d_raw=0x061a, dmin_raw=0x12ec
  First Q4_K block: d=0.000093102455, dmin=0.00084495544, nan=false, inf=false
  scales[0]=0xe8, qs[0]=0x8a
  First 10 dequantized values: [0.009357452, -0.0055389404, 0.027977943, 0.027977943, -0.0055389404, 0.024253845, -0.012987137, -0.012987137, -0.016711235, -0.0018148422]
  First Q4_K block raw bytes (first 20):
    a5 05 | 4f 11 | bc ee f1 bf f6 ea f8 f6 55 ed fe 4b | 35 56 06 76 
    d_raw=0x05a5, dmin_raw=0x114f
  First Q4_K block: d=0.00008612871, dmin=0.0006480217, nan=false, inf=false
  scales[0]=0xbc, qs[0]=0x35
  First 10 dequantized values: [-0.009154558, -0.0039868355, -0.0039868355, -0.0039868355, -0.03499317, 0.0270195, 0.0011808872, 0.00634861, 0.00634861, 0.00634861]
  First Q4_K block raw bytes (first 20):
    c9 06 | 14 14 | f4 e1 f5 f2 ab 98 e8 aa af 79 fc 52 | 8d b9 e4 63 
    d_raw=0x06c9, dmin_raw=0x1414
  First Q4_K block: d=0.00010353327, dmin=0.000995636, nan=false, inf=false
  scales[0]=0xf4, qs[0]=0x8d
  First 10 dequantized values: [0.027176142, 0.005641222, -0.021277428, -0.026661158, -0.010509968, 0.00025749207, -0.010509968, 0.005641222, -0.021277428, -0.021277428]
  First Q4_K block raw bytes (first 20):
    8d 09 | a3 15 | f9 fa f8 fb f3 a5 ae ff 5f ec 9e 02 | 37 37 95 53 
    d_raw=0x098d, dmin_raw=0x15a3
  First Q4_K block: d=0.0001693964, dmin=0.001376152, nan=false, inf=false
  scales[0]=0xf9, qs[0]=0x37
  First 10 dequantized values: [-0.0025945902, -0.0025945902, -0.02190578, -0.04121697, 0.026372194, 0.0167166, 0.07465017, -0.031561375, -0.031561375, -0.070183754]
  First Q4_K block raw bytes (first 20):
    37 04 | e8 10 | fd fb ff f8 bf ef 69 b2 b5 48 d9 ab | f3 08 15 86 
    d_raw=0x0437, dmin_raw=0x10e8
  First Q4_K block: d=0.00006431341, dmin=0.00059890747, nan=false, inf=false
  scales[0]=0xfd, qs[0]=0xf3
  First 10 dequantized values: [-0.025961816, -0.0063462257, -0.01811558, -0.014192462, 0.013269365, 0.009346247, 0.009346247, -0.01811558, -0.0024231076, 0.0054231286]
  First Q4_K block raw bytes (first 20):
    c9 05 | d5 11 | ab f5 f0 ab ad f8 b2 ab ad ff f0 ad | a5 85 67 91 
    d_raw=0x05c9, dmin_raw=0x11d5
  First Q4_K block: d=0.00008827448, dmin=0.0007119179, nan=false, inf=false
  scales[0]=0xab, qs[0]=0xa5
  First 10 dequantized values: [-0.0130572915, -0.0130572915, -0.0054656863, -0.028240502, -0.0016698837, -0.032036304, 0.024900734, -0.0130572915, -0.0016698837, 0.009717524]
  First Q4_K block raw bytes (first 20):
    f1 07 | 3a 14 | b3 bf f7 f5 b6 b1 f2 ff 0f 1a 29 13 | 6d 79 48 ab 
    d_raw=0x07f1, dmin_raw=0x143a
  First Q4_K block: d=0.00012117624, dmin=0.0010318756, nan=false, inf=false
  scales[0]=0xb3, qs[0]=0x6d
  First 10 dequantized values: [0.024618566, -0.0001013875, -0.006281376, 0.012258589, 0.006078601, -0.0001013875, 0.024618566, 0.012258589, 0.018438578, 0.012258589]
  First Q4_K block raw bytes (first 20):
    b7 06 | e0 12 | b7 bf ad a1 b9 bf b5 66 da ca 2a fe | 99 7d 57 77 
    d_raw=0x06b7, dmin_raw=0x12e0
  First Q4_K block: d=0.000102460384, dmin=0.0008392334, nan=false, inf=false
  scales[0]=0xb7, qs[0]=0x99
  First 10 dequantized values: [0.0028815866, 0.025422871, -0.008389056, -0.008389056, -0.03656566, -0.0027537346, -0.019659698, 0.0028815866, -0.02529502, 0.008516908]
  First Q4_K block raw bytes (first 20):
    e4 06 | 5d 13 | a6 a9 ea bf 9e 9c e2 bf 30 0c 14 17 | a5 3a 9f 97 
    d_raw=0x06e4, dmin_raw=0x135d
  First Q4_K block: d=0.00010514259, dmin=0.00089883804, nan=false, inf=false
  scales[0]=0xa6, qs[0]=0xa5
  First 10 dequantized values: [-0.0069880486, 0.012989044, 0.032966137, 0.0010027885, 0.032966137, 0.012989044, -0.022969723, 0.0010027885, -0.014978886, 0.008993626]
  First Q4_K block raw bytes (first 20):
    5c 04 | 27 10 | bc fb f9 ff f0 ff f2 f3 4e db 71 58 | 26 87 d5 72 
    d_raw=0x045c, dmin_raw=0x1027
  First Q4_K block: d=0.00006651878, dmin=0.0005068779, nan=false, inf=false
  scales[0]=0xbc, qs[0]=0x26
  First 10 dequantized values: [-0.00038337708, 0.00360775, -0.004374504, -0.016347885, -0.02433014, 0.011590004, 0.011590004, 0.007598877, -0.00038337708, -0.00038337708]
  First Q4_K block raw bytes (first 20):
    7e 06 | 12 11 | bf a7 ae ac f5 9f e8 f6 79 64 bf fd | c1 64 77 54 
    d_raw=0x067e, dmin_raw=0x1112
  First Q4_K block: d=0.00009906292, dmin=0.00061893463, nan=false, inf=false
  scales[0]=0xbf, qs[0]=0xc1
  First 10 dequantized values: [-0.026562572, -0.00783968, 0.010883212, -0.00783968, -0.0015987158, -0.014080644, 0.010883212, 0.017124176, -0.0015987158, 0.029606104]
  First Q4_K block raw bytes (first 20):
    69 05 | 1e 12 | f3 b1 f8 ff f1 a7 f2 f6 f7 38 87 93 | b5 9d 41 58 
    d_raw=0x0569, dmin_raw=0x121e
  First Q4_K block: d=0.00008255243, dmin=0.000746727, nan=false, inf=false
  scales[0]=0xf3, qs[0]=0xb5
  First 10 dequantized values: [-0.015538752, 0.01814264, -0.03237945, -0.0029082298, 0.0013019443, 0.009722292, -0.036589622, 0.01814264, 0.0139324665, 0.0139324665]
  First Q4_K block raw bytes (first 20):
    f9 06 | c0 12 | f2 f3 ee f0 f2 e0 b2 e6 fa 9f a5 7e | 5a 06 8b 98 
    d_raw=0x06f9, dmin_raw=0x12c0
  First Q4_K block: d=0.00010639429, dmin=0.0008239746, nan=false, inf=false
  scales[0]=0xf2, qs[0]=0x5a
  First 10 dequantized values: [0.011998415, -0.009280443, 0.01731813, 0.0013589859, 0.0066787004, -0.019919872, -0.0039607286, -0.009280443, 0.022637844, -0.0039607286]
  First Q4_K block raw bytes (first 20):
    7f 07 | 87 12 | a4 bf ae ab a5 ff b3 a6 47 0e 07 c5 | d5 47 67 56 
    d_raw=0x077f, dmin_raw=0x1287
  First Q4_K block: d=0.00011438131, dmin=0.0007967949, nan=false, inf=false
  scales[0]=0xa4, qs[0]=0xd5
  First 10 dequantized values: [-0.008892775, -0.00065732, -0.00065732, -0.0047750473, -0.00065732, 0.011695862, 0.01581359, 0.011695862, 0.0322845, 0.024049044]
  First Q4_K block raw bytes (first 20):
    2b 06 | d4 13 | bf ef f3 f2 7f a8 a0 a7 bf 88 b3 9a | e7 ab a7 af 
    d_raw=0x062b, dmin_raw=0x13d4
  First Q4_K block: d=0.000094115734, dmin=0.00095558167, nan=false, inf=false
  scales[0]=0xbf, qs[0]=0xe7
  First 10 dequantized values: [-0.018696606, 0.005020559, -0.018696606, 0.028737724, 0.005020559, -0.012767315, 0.016879141, -0.012767315, 0.016879141, -0.018696606]
  First Q4_K block raw bytes (first 20):
    ff 09 | f4 15 | b1 a9 eb bf f9 a0 e7 bf 4c c7 47 89 | 74 07 89 9d 
    d_raw=0x09ff, dmin_raw=0x15f4
  First Q4_K block: d=0.00018298626, dmin=0.0014533997, nan=false, inf=false
  scales[0]=0xb1, qs[0]=0x74
  First 10 dequantized values: [-0.046978474, -0.020079494, -0.00214684, 0.033718467, 0.02475214, 0.0068194866, -0.020079494, -0.00214684, -0.020079494, -0.046978474]
  First Q4_K block raw bytes (first 20):
    be 05 | dc 12 | a5 bf ac eb 59 7f 9f 63 19 ff 39 b0 | e5 6a 79 b4 
    d_raw=0x05be, dmin_raw=0x12dc
  First Q4_K block: d=0.00008761883, dmin=0.00083732605, nan=false, inf=false
  scales[0]=0xa5, qs[0]=0xe5
  First 10 dequantized values: [-0.004723668, 0.011485815, 0.008243918, -0.007965565, 0.027695298, 0.011485815, -0.020933151, 0.005002022, -0.017691255, -0.007965565]
  First Q4_K block raw bytes (first 20):
    12 07 | 47 13 | f4 ee f3 f6 f6 de ed e9 13 39 4f fd | 79 94 97 71 
    d_raw=0x0712, dmin_raw=0x1347
  First Q4_K block: d=0.00010788441, dmin=0.0008883476, nan=false, inf=false
  scales[0]=0xf4, qs[0]=0x79
  First 10 dequantized values: [0.0025191307, -0.025530815, -0.008700848, -0.042360783, 0.030569077, -0.036750793, 0.0025191307, -0.014310837, -0.014310837, 0.0025191307]
  First Q4_K block raw bytes (first 20):
    68 06 | 80 12 | f7 f5 ff f2 ff a0 b3 fb 9c fc be 56 | 5c 4a c7 da 
    d_raw=0x0668, dmin_raw=0x1280
  First Q4_K block: d=0.00009775162, dmin=0.00079345703, nan=false, inf=false
  scales[0]=0xf7, qs[0]=0x5c
  First 10 dequantized values: [0.014528275, 0.0037755966, -0.01235342, 0.0037755966, 0.009151936, -0.01235342, 0.014528275, -0.0069770813, -0.01772976, -0.049987793]
  First Q4_K block raw bytes (first 20):
    19 07 | f1 11 | ff f2 a6 bb f0 bf 71 f5 95 fc d8 de | 67 47 87 65 
    d_raw=0x0719, dmin_raw=0x11f1
  First Q4_K block: d=0.00010830164, dmin=0.0007252693, nan=false, inf=false
  scales[0]=0xff, qs[0]=0x67
  First 10 dequantized values: [0.012948096, 0.012948096, 0.012948096, -0.0006979108, -0.007520914, 0.0197711, 0.012948096, 0.0061250925, -0.007520914, -0.007520914]
  First Q4_K block raw bytes (first 20):
    e0 0a | d5 15 | a3 e7 ad ee e2 ea ab ef 2f ff 7b 83 | 4b 23 9f 81 
    d_raw=0x0ae0, dmin_raw=0x15d5
  First Q4_K block: d=0.00020980835, dmin=0.0014238358, nan=false, inf=false
  scales[0]=0xa3, qs[0]=0x4b
  First 10 dequantized values: [0.0323658, -0.026380539, 0.061738968, -0.041067123, -0.0116939545, -0.019037247, -0.019037247, -0.048410416, 0.017679214, -0.019037247]
  First Q4_K block raw bytes (first 20):
    85 07 | 98 12 | e7 a6 bf bb ea ec b0 bf 62 ad 54 00 | e9 9f 47 89 
    d_raw=0x0785, dmin_raw=0x1298
  First Q4_K block: d=0.00011473894, dmin=0.0008049011, nan=false, inf=false
  scales[0]=0xe7, qs[0]=0xe9
  First 10 dequantized values: [0.006467521, 0.033316433, -0.0024821162, 0.006467521, 0.015417159, 0.006467521, -0.029331028, -0.020381391, -0.011431754, 0.024366796]
  First Q4_K block raw bytes (first 20):
    f2 06 | 30 13 | ef f4 b5 a2 e7 f1 ba 60 07 ff 1b e4 | 84 08 6b 1c 
    d_raw=0x06f2, dmin_raw=0x1330
  First Q4_K block: d=0.00010597706, dmin=0.0008773804, nan=false, inf=false
  scales[0]=0xef, qs[0]=0x84
  First 10 dequantized values: [-0.0142941475, 0.0056295395, 0.020572305, 0.025553226, 0.00064861774, -0.004332304, -0.029236913, -0.034217834, 0.020572305, 0.030534148]
  First Q4_K block raw bytes (first 20):
    69 06 | 40 12 | b2 ee e4 9b ff e9 ee 98 2e 2f 21 5b | a5 ad bb c6 
    d_raw=0x0669, dmin_raw=0x1240
  First Q4_K block: d=0.00009781122, dmin=0.00076293945, nan=false, inf=false
  scales[0]=0xb2, qs[0]=0xa5
  First 10 dequantized values: [-0.02361238, 0.015512109, 0.0057309866, -0.018721819, 0.025293231, -0.013831258, 0.0057309866, -0.048065186, 0.0057309866, 0.0057309866]
  First Q4_K block raw bytes (first 20):
    b9 06 | cc 12 | fa bf ee b5 f3 bf e9 a7 73 de a7 bb | 60 f5 b4 36 
    d_raw=0x06b9, dmin_raw=0x12cc
  First Q4_K block: d=0.000102579594, dmin=0.00082969666, nan=false, inf=false
  scales[0]=0xfa, qs[0]=0x60
  First 10 dequantized values: [-0.04231453, -0.012566447, -0.018516064, -0.006616831, -0.036364913, 0.0409801, -0.0006672144, -0.006616831, 0.023131251, -0.0006672144]
  First Q4_K block raw bytes (first 20):
    51 09 | 1f 15 | fc ee f0 b1 ff b5 da 77 36 a3 9f e5 | 5b e9 78 86 
    d_raw=0x0951, dmin_raw=0x151f
  First Q4_K block: d=0.00016224384, dmin=0.001250267, nan=false, inf=false
  scales[0]=0xfc, qs[0]=0x5b
  First 10 dequantized values: [0.028314114, 0.008844852, -0.00088977814, -0.02035904, -0.00088977814, 0.008844852, 0.018579483, -0.07876682, -0.02035904, -0.05929756]
  First Q4_K block raw bytes (first 20):
    d6 03 | cf 0f | ee f6 ff f5 9e aa eb f5 a1 c1 73 f7 | 21 b9 61 58 
    d_raw=0x03d6, dmin_raw=0x0fcf
  First Q4_K block: d=0.00005853176, dmin=0.00047659874, nan=false, inf=false
  scales[0]=0xee, qs[0]=0x21
  First 10 dequantized values: [-0.011605501, 0.009934187, -0.011605501, 0.007241726, -0.0035281181, 0.012626648, -0.00891304, 0.01801157, -0.014297962, 0.004549265]
  First Q4_K block raw bytes (first 20):
    e9 04 | 77 11 | fb f9 fd ff fc f5 f4 77 fb 1b 6b d8 | d8 f6 f7 3d 
    d_raw=0x04e9, dmin_raw=0x1177
  First Q4_K block: d=0.00007492304, dmin=0.0006670952, nan=false, inf=false
  scales[0]=0xfb, qs[0]=0xd8
  First 10 dequantized values: [-0.004662037, -0.013502955, -0.009082496, 0.01744026, 0.008599341, -0.00024157763, 0.0041788816, -0.013502955, -0.031184793, 0.021860719]
  First Q4_K block raw bytes (first 20):
    32 07 | f0 12 | f8 f4 b6 ae ec e3 67 a6 17 ff ad aa | 54 82 f7 44 
    d_raw=0x0732, dmin_raw=0x12f0
  First Q4_K block: d=0.000109791756, dmin=0.0008468628, nan=false, inf=false
  scales[0]=0xf8, qs[0]=0x54
  First 10 dequantized values: [-0.01266861, -0.024965286, 0.0057764053, -0.01266861, 0.054963112, -0.01266861, 0.011924744, -0.037261963, 0.0057764053, 0.011924744]
  First Q4_K block raw bytes (first 20):
    42 06 | ef 12 | fa f9 bf ee f2 77 b4 a2 f4 9b 8b d7 | 70 f6 49 b6 
    d_raw=0x0642, dmin_raw=0x12ef
  First Q4_K block: d=0.00009548664, dmin=0.00084638596, nan=false, inf=false
  scales[0]=0xfa, qs[0]=0x70
  First 10 dequantized values: [-0.042319298, -0.009089947, 0.007524729, -0.009089947, 0.007524729, 0.035215855, 0.04075408, -0.042319298, 0.007524729, -0.009089947]
  First Q4_K block raw bytes (first 20):
    d7 05 | 6e 11 | f6 fc f8 ff bf fa bc ee 97 f9 22 63 | 54 70 df a8 
    d_raw=0x05d7, dmin_raw=0x116e
  First Q4_K block: d=0.000089108944, dmin=0.00066280365, nan=false, inf=false
  scales[0]=0xf6, qs[0]=0x54
  First 10 dequantized values: [-0.022509098, -0.04175663, 0.030421615, -0.0032615662, -0.012885332, -0.0032615662, -0.012885332, -0.017697215, 0.015985966, 0.0063622]
  First Q4_K block raw bytes (first 20):
    01 06 | f3 10 | b0 f0 eb bf bf f2 f9 f2 88 c5 a1 4c | a8 58 3b 48 
    d_raw=0x0601, dmin_raw=0x10f3
  First Q4_K block: d=0.00009161234, dmin=0.0006041527, nan=false, inf=false
  scales[0]=0xb0, qs[0]=0xa8
  First 10 dequantized values: [-0.0028824806, -0.0028824806, 0.010309696, -0.0028824806, 0.005912304, -0.02047205, -0.0028824806, 0.010309696, -0.03806162, 0.005912304]
  First Q4_K block raw bytes (first 20):
    16 08 | b4 14 | b4 a7 bf af a8 99 7f 5b ff 28 dc a8 | 68 20 5a 80 
    d_raw=0x0816, dmin_raw=0x14b4
  First Q4_K block: d=0.00012469292, dmin=0.0011482239, nan=false, inf=false
  scales[0]=0xb4, qs[0]=0x68
  First 10 dequantized values: [0.0059432983, -0.045928955, 0.018911362, -0.045928955, 0.0059432983, 0.05133152, -0.013508797, -0.013508797, -0.013508797, -0.019992828]
  First Q4_K block raw bytes (first 20):
    b5 05 | e4 11 | f5 ea f3 f1 fa df e6 b7 d4 65 ff f0 | 48 20 63 77 
    d_raw=0x05b5, dmin_raw=0x11e4
  First Q4_K block: d=0.000087082386, dmin=0.00071907043, nan=false, inf=false
  scales[0]=0xf5, qs[0]=0x48
  First 10 dequantized values: [-0.0047831535, -0.041706085, -0.027859986, -0.00939852, 0.027524412, 0.013678312, -0.00016778708, -0.00939852, -0.00016778708, 0.013678312]
  First Q4_K block raw bytes (first 20):
    11 08 | 39 13 | 5e 59 70 7f a7 58 7f af 2d fe 55 4a | 4c 4e d6 e9 
    d_raw=0x0811, dmin_raw=0x1339
  First Q4_K block: d=0.00012409687, dmin=0.0008816719, nan=false, inf=false
  scales[0]=0x5e, qs[0]=0x4c
  First 10 dequantized values: [0.010289669, 0.017735481, -0.012047768, -0.0008790493, -0.0008790493, -0.0083248615, -0.01949358, -0.030662298, -0.015770674, 0.014012575]
  First Q4_K block raw bytes (first 20):
    96 06 | 50 12 | f8 ba f3 f8 f8 b5 f7 ff 81 aa 4f 81 | 9b 34 3a 88 
    d_raw=0x0696, dmin_raw=0x1250
  First Q4_K block: d=0.00010049343, dmin=0.00077056885, nan=false, inf=false
  scales[0]=0xf8, qs[0]=0x9b
  First 10 dequantized values: [0.018752098, -0.020641327, 0.013124466, 0.0018692017, -0.015013695, -0.015013695, -0.015013695, -0.020641327, 0.013124466, -0.0037584305]
  First Q4_K block raw bytes (first 20):
    09 06 | b8 11 | f6 f5 f6 ff f5 fd fc b9 02 37 f8 e5 | be 33 75 3d 
    d_raw=0x0609, dmin_raw=0x11b8
  First Q4_K block: d=0.000092089176, dmin=0.0006980896, nan=false, inf=false
  scales[0]=0xf6, qs[0]=0xbe
  First 10 dequantized values: [0.03262067, -0.022080302, -0.012134671, 0.027647853, 0.022675037, 0.007756591, -0.0021890402, -0.0071618557, -0.0071618557, 0.027647853]
  First Q4_K block raw bytes (first 20):
    a2 07 | 50 11 | b3 a8 aa ff fd e8 ed fe cc 63 ff b3 | af 5a 72 47 
    d_raw=0x07a2, dmin_raw=0x1150
  First Q4_K block: d=0.000116467476, dmin=0.00064849854, nan=false, inf=false
  scales[0]=0xb3, qs[0]=0xaf
  First 10 dequantized values: [0.04953921, 0.019840002, -0.027678728, 0.0020204782, -0.003919363, -0.015799046, 0.013900161, 0.0079603195, -0.009859204, -0.009859204]
  First Q4_K block raw bytes (first 20):
    28 09 | 3c 16 | f3 ff f7 fb 61 ad bf 63 e0 bf ed f8 | a1 93 a2 8e 
    d_raw=0x0928, dmin_raw=0x163c
  First Q4_K block: d=0.00015735626, dmin=0.0015220642, nan=false, inf=false
  scales[0]=0xf3, qs[0]=0xa1
  First 10 dequantized values: [-0.04220295, -0.02615261, -0.03417778, 0.062124252, -0.0020771027, 0.062124252, -0.010102272, 0.046073914, 0.07014942, 0.013973236]
  First Q4_K block raw bytes (first 20):
    f5 05 | 8b 11 | ef ef b4 e7 f1 e9 fa e4 6f fb 4f 00 | 64 ab a1 1c 
    d_raw=0x05f5, dmin_raw=0x118b
  First Q4_K block: d=0.00009089708, dmin=0.0006766319, nan=false, inf=false
  scales[0]=0xef, qs[0]=0x64
  First 10 dequantized values: [-0.016066313, 0.013838828, -0.028882802, 0.01811099, -0.007521987, 0.026655316, 0.026655316, -0.024610639, -0.007521987, -0.024610639]
  First Q4_K block raw bytes (first 20):
    79 06 | 92 12 | bf fc a5 f2 b1 f6 a5 e8 23 f8 6b 9c | 85 e5 76 98 
    d_raw=0x0679, dmin_raw=0x1292
  First Q4_K block: d=0.0000987649, dmin=0.0008020401, nan=false, inf=false
  scales[0]=0xbf, qs[0]=0x85
  First 10 dequantized values: [-0.008189023, -0.008189023, -0.001966834, 0.010477543, 0.035366297, 0.02292192, -0.039299965, -0.0206334, -0.0206334, -0.001966834]
  First Q4_K block raw bytes (first 20):
    60 08 | 7c 14 | a9 9d b6 bf 5e 9a 69 7f 80 bc f2 02 | 72 63 d8 76 
    d_raw=0x0860, dmin_raw=0x147c
  First Q4_K block: d=0.0001335144, dmin=0.0010948181, nan=false, inf=false
  scales[0]=0xa9, qs[0]=0x72
  First 10 dequantized values: [-0.021896362, -0.016422272, 0.010948181, 0.0, -0.0054740906, 0.010948181, -0.027370453, 0.0054740906, 0.0, -0.016422272]
  First Q4_K block raw bytes (first 20):
    bf 05 | 7e 12 | f0 bb a4 f3 eb b7 9f b1 ff 2f cb d9 | ac 64 48 35 
    d_raw=0x05bf, dmin_raw=0x127e
  First Q4_K block: d=0.00008767843, dmin=0.00079250336, nan=false, inf=false
  scales[0]=0xf0, qs[0]=0xac
  First 10 dequantized values: [0.016425133, -0.017243385, -0.00040912628, -0.013034821, 0.029050827, -0.00040912628, -0.017243385, 0.016425133, 0.016425133, -0.013034821]
  First Q4_K block raw bytes (first 20):
    00 0b | 02 18 | 93 a7 e0 5a 94 8d e0 51 12 5f ff 2b | 22 44 59 27 
    d_raw=0x0b00, dmin_raw=0x1802
  First Q4_K block: d=0.00021362305, dmin=0.0019569397, nan=false, inf=false
  scales[0]=0x93, qs[0]=0x22
  First 10 dequantized values: [-0.031021118, -0.022903442, -0.002609253, -0.010726929, -0.006668091, -0.006668091, -0.006668091, -0.010726929, -0.031021118, -0.018844604]
  First Q4_K block raw bytes (first 20):
    a6 0a | d5 17 | ab e3 e2 e0 63 db df 9d 54 67 ff 98 | c6 48 99 25 
    d_raw=0x0aa6, dmin_raw=0x17d5
  First Q4_K block: d=0.00020289421, dmin=0.001912117, nan=false, inf=false
  scales[0]=0xab, qs[0]=0xc6
  First 10 dequantized values: [-0.014577389, 0.0028715134, 0.011595964, -0.02330184, 0.0028715134, -0.0058529377, 0.020320415, 0.020320415, 0.011595964, -0.040750742]
  First Q4_K block raw bytes (first 20):
    ae 03 | 35 10 | ec bf ff b0 a0 b3 bf 6b 33 ad 66 dd | f2 cd 86 01 
    d_raw=0x03ae, dmin_raw=0x1035
  First Q4_K block: d=0.000056147575, dmin=0.0005135536, nan=false, inf=false
  scales[0]=0xec, qs[0]=0xf2
  First 10 dequantized values: [-0.011492729, 0.015682697, -0.0016107559, -0.0139632225, 0.0008597374, 0.01815319, -0.0040812492, 0.0008597374, -0.009022236, 0.013212204]
  First Q4_K block raw bytes (first 20):
    e5 04 | a2 10 | f8 e8 b1 b9 f0 e6 a2 71 f3 2f ee bc | d8 40 86 d6 
    d_raw=0x04e5, dmin_raw=0x10a2
  First Q4_K block: d=0.00007468462, dmin=0.00056552887, nan=false, inf=false
  scales[0]=0xf8, qs[0]=0xd8
  First 10 dequantized values: [0.006313324, -0.027145386, -0.0020513535, -0.0020513535, -0.010416031, -0.0020513535, 0.01886034, 0.023042679, -0.022963047, -0.0020513535]
  First Q4_K block raw bytes (first 20):
    93 05 | 76 12 | f3 f3 f6 f2 99 a7 ff a9 ff 30 c4 92 | b4 a6 82 54 
    d_raw=0x0593, dmin_raw=0x1276
  First Q4_K block: d=0.00008505583, dmin=0.00078868866, nan=false, inf=false
  scales[0]=0xf3, qs[0]=0xb4
  First 10 dequantized values: [-0.0023658276, 0.006309867, -0.011041522, -0.0023658276, 0.03233695, -0.011041522, -0.015379369, 0.010647714, -0.0023658276, 0.0019720197]
  First Q4_K block raw bytes (first 20):
    50 07 | d8 12 | 62 e3 b7 ac 5e dd ff 69 fe 8f 8f a9 | ee 57 6f 93 
    d_raw=0x0750, dmin_raw=0x12d8
  First Q4_K block: d=0.000111579895, dmin=0.0008354187, nan=false, inf=false
  scales[0]=0x62, qs[0]=0xee
  First 10 dequantized values: [0.028049469, 0.001493454, 0.031843185, -0.013681412, 0.01666832, -0.006093979, 0.001493454, -0.006093979, -0.013681412, -0.025062561]
  First Q4_K block raw bytes (first 20):
    6f 07 | f9 13 | ab a8 f4 fb ab da ab ff 86 49 d0 9f | 8d a7 1c 80 
    d_raw=0x076f, dmin_raw=0x13f9
  First Q4_K block: d=0.00011342764, dmin=0.00097322464, nan=false, inf=false
  scales[0]=0xab, qs[0]=0x8d
  First 10 dequantized values: [0.02155739, -0.00770694, 0.016680002, -0.04184866, 0.0020478368, -0.022339106, -0.027216494, 0.0069252253, -0.00770694, 0.0020478368]
  First Q4_K block raw bytes (first 20):
    1d 07 | 24 12 | a1 b1 a7 f0 64 b0 a5 e3 23 c8 a9 ff | 68 88 65 47 
    d_raw=0x071d, dmin_raw=0x1224
  First Q4_K block: d=0.00010854006, dmin=0.000749588, nan=false, inf=false
  scales[0]=0xa1, qs[0]=0x68
  First 10 dequantized values: [0.0016694069, 0.0016694069, -0.009076059, -0.001912415, -0.016239703, -0.005494237, -0.016239703, -0.019821525, 0.005251229, 0.005251229]
  First Q4_K block raw bytes (first 20):
    40 07 | 0f 14 | ae fc f6 ff aa ee 6c ff 6a 27 c7 4e | 8d 5f a8 87 
    d_raw=0x0740, dmin_raw=0x140f
  First Q4_K block: d=0.00011062622, dmin=0.0009908676, nan=false, inf=false
  scales[0]=0xae, qs[0]=0x8d
  First 10 dequantized values: [0.02453804, 0.034715652, -0.0009059906, -0.0059947968, 0.0041828156, -0.0009059906, 0.0041828156, 0.029626846, -0.016172409, 0.019449234]
  First Q4_K block raw bytes (first 20):
    f6 04 | 16 11 | aa f5 f4 ee e0 f8 e4 9b 3d ff 57 a2 | 03 44 d9 bd 
    d_raw=0x04f6, dmin_raw=0x1116
  First Q4_K block: d=0.0000756979, dmin=0.000620842, nan=false, inf=false
  scales[0]=0xaa, qs[0]=0x3
  First 10 dequantized values: [-0.010329008, -0.0071496964, 0.008746862, 0.02146411, 0.018284798, -0.01350832, -0.010329008, -0.00079107285, 0.027822733, 0.002388239]
  First Q4_K block raw bytes (first 20):
    97 06 | f6 12 | b8 b4 f0 f3 b5 a6 9a e5 17 9a b6 ff | 7b f7 8a 39 
    d_raw=0x0697, dmin_raw=0x12f6
  First Q4_K block: d=0.000100553036, dmin=0.0008497238, nan=false, inf=false
  scales[0]=0xb8, qs[0]=0x7b
  First 10 dequantized values: [0.016905308, -0.0056185722, 0.011274338, 0.005643368, -0.0056185722, 1.2397766e-5, 0.011274338, -0.016880512, -0.011249542, 0.033798218]
  First Q4_K block raw bytes (first 20):
    c8 08 | 0f 14 | f1 f8 bf f1 fe fa b9 b6 f7 83 47 a0 | 69 79 f7 6e 
    d_raw=0x08c8, dmin_raw=0x140f
  First Q4_K block: d=0.00014591217, dmin=0.0009908676, nan=false, inf=false
  scales[0]=0xf1, qs[0]=0x69
  First 10 dequantized values: [0.002913475, 0.002913475, -0.011385918, 0.038661957, 0.024362564, -0.02568531, -0.02568531, -0.054284096, -0.0042362213, 0.024362564]
  First Q4_K block raw bytes (first 20):
    a6 07 | e6 12 | a9 e4 ad b1 a5 ec b1 ff ab ef b9 5d | 65 b9 84 8c 
    d_raw=0x07a6, dmin_raw=0x12e6
  First Q4_K block: d=0.000116705894, dmin=0.0008420944, nan=false, inf=false
  scales[0]=0xa9, qs[0]=0x65
  First 10 dequantized values: [-0.007232785, 0.0119069815, -0.012017727, 0.026261806, 0.0119069815, 0.0119069815, 0.03583169, 0.00712204, 0.00712204, 0.0119069815]
  First Q4_K block raw bytes (first 20):
    cd 06 | 62 11 | bf f0 ec ac f9 f5 ed bf 3b 54 c1 6a | d5 46 7a 37 
    d_raw=0x06cd, dmin_raw=0x1162
  First Q4_K block: d=0.00010377169, dmin=0.0006570816, nan=false, inf=false
  scales[0]=0xbf, qs[0]=0xd5
  First 10 dequantized values: [-0.00476557, 0.0017720461, 0.027922511, 0.008309662, 0.014847279, -0.017840803, 0.0017720461, -0.00476557, 0.0017720461, -0.00476557]
  First Q4_K block raw bytes (first 20):
    52 05 | 5c 12 | b4 e6 f0 ff 9f 9c eb bf 7f 95 4b 39 | 3f 16 80 36 
    d_raw=0x0552, dmin_raw=0x125c
  First Q4_K block: d=0.000081181526, dmin=0.0007762909, nan=false, inf=false
  scales[0]=0xb4, qs[0]=0x3f
  First 10 dequantized values: [0.039256573, 0.0012636185, -0.024065018, 0.0012636185, -0.0114007, 0.005485058, 0.013927937, 0.005485058, 0.0012636185, 0.009706497]
  First Q4_K block raw bytes (first 20):
    06 07 | 66 13 | a9 e7 bf ee e7 e5 71 b4 9b f4 94 fe | ae 5d 79 b5 
    d_raw=0x0706, dmin_raw=0x1366
  First Q4_K block: d=0.00010716915, dmin=0.0009031296, nan=false, inf=false
  scales[0]=0xa9, qs[0]=0xae
  First 10 dequantized values: [0.02629304, 0.021899104, 0.0043233633, -0.0132523775, -0.004464507, 0.0087172985, 0.017505169, 0.013111234, 0.0043233633, -0.017646313]
  First Q4_K block raw bytes (first 20):
    3d 05 | 85 11 | ae f6 aa e7 5f f1 b0 69 fb ff 8a d0 | c2 70 98 66 
    d_raw=0x053d, dmin_raw=0x1185
  First Q4_K block: d=0.00007992983, dmin=0.0006737709, nan=false, inf=false
  scales[0]=0xae, qs[0]=0xc2
  First 10 dequantized values: [-0.013533354, -0.020886898, 0.008527279, 0.0011737347, 0.015880823, -0.0025030375, 0.004850507, -0.0025030375, -0.0025030375, 0.004850507]
  First Q4_K block raw bytes (first 20):
    36 08 | 61 14 | f4 be e9 f0 e7 b2 a3 ec f8 65 62 1f | 59 79 56 53 
    d_raw=0x0836, dmin_raw=0x1461
  First Q4_K block: d=0.00012850761, dmin=0.0010690689, nan=false, inf=false
  scales[0]=0xf4, qs[0]=0x59
  First 10 dequantized values: [0.018447876, 0.018447876, -0.0015993118, -0.0216465, 0.005083084, 0.018447876, 0.01176548, 0.018447876, 0.031812668, 0.018447876]
  First Q4_K block raw bytes (first 20):
    9f 05 | 78 11 | f7 f3 fe bf f2 6e bc 7c fb e7 e9 74 | 66 8a 67 89 
    d_raw=0x059f, dmin_raw=0x1178
  First Q4_K block: d=0.000085771084, dmin=0.000667572, nan=false, inf=false
  scales[0]=0xf7, qs[0]=0x66
  First 10 dequantized values: [-0.0050741434, 0.013795495, -0.0003567338, 0.009078085, 0.032665133, 0.009078085, -0.009791553, -0.0003567338, -0.014508963, 0.023230314]
  First Q4_K block raw bytes (first 20):
    51 08 | 00 15 | a6 a0 af eb 97 5a aa e1 27 3f 4d ff | b6 17 bc a8 
    d_raw=0x0851, dmin_raw=0x1500
  First Q4_K block: d=0.00013172626, dmin=0.0012207031, nan=false, inf=false
  scales[0]=0xa6, qs[0]=0xb6
  First 10 dequantized values: [0.0019574165, 0.0069630146, 0.031991005, 0.011968613, 0.036996603, 0.031991005, 0.011968613, 0.0069630146, 0.011968613, 0.01697421]
  First Q4_K block raw bytes (first 20):
    52 08 | 3d 14 | f1 bf ec f0 f2 fe e6 af eb 8e f8 ec | 95 a6 a7 85 
    d_raw=0x0852, dmin_raw=0x143d
  First Q4_K block: d=0.00013184547, dmin=0.0010347366, nan=false, inf=false
  scales[0]=0xf1, qs[0]=0x95
  First 10 dequantized values: [-0.01943469, -0.012974262, -0.006513834, -0.01943469, -0.006513834, 0.019327879, 0.019327879, -0.006513834, 0.025788307, -0.05173683]
  First Q4_K block raw bytes (first 20):
    c7 05 | 09 13 | a3 ed a7 ff 9b a5 95 bf 6a e0 99 20 | 47 a4 97 89 
    d_raw=0x05c7, dmin_raw=0x1309
  First Q4_K block: d=0.00008815527, dmin=0.0008587837, nan=false, inf=false
  scales[0]=0xa3, qs[0]=0x47
  First 10 dequantized values: [-0.0015891194, -0.010845423, -0.0015891194, 0.0045817494, -0.010845423, 0.016923487, -0.010845423, -0.0015891194, 0.0045817494, 0.020008922]
  First Q4_K block raw bytes (first 20):
    bc 06 | 22 11 | ad a9 ed e5 bf ab f9 ee 3d a7 45 1f | 89 0c 4d 6f 
    d_raw=0x06bc, dmin_raw=0x1122
  First Q4_K block: d=0.00010275841, dmin=0.000626564, nan=false, inf=false
  scales[0]=0xad, qs[0]=0x89
  First 10 dequantized values: [0.0021436214, 0.016016006, 0.020640135, 0.029888391, 0.011391878, 0.016016006, -0.016352892, -0.011728764, -0.011728764, -0.002480507]
  First Q4_K block raw bytes (first 20):
    21 07 | 9e 12 | bf eb f1 ab bf f4 eb df 17 9b f4 9e | a3 ba bb ca 
    d_raw=0x0721, dmin_raw=0x129e
  First Q4_K block: d=0.00010877848, dmin=0.00080776215, nan=false, inf=false
  scales[0]=0xbf, qs[0]=0xa3
  First 10 dequantized values: [-0.030329883, 0.017641425, 0.02449447, 0.017641425, -0.030329883, 0.02449447, 0.02449447, 0.003935337, 0.003935337, 0.003935337]
  First Q4_K block raw bytes (first 20):
    e2 07 | 6f 14 | ec a8 9d e8 a6 63 9c e5 77 f8 4d ff | 77 98 8b a6 
    d_raw=0x07e2, dmin_raw=0x146f
  First Q4_K block: d=0.00012028217, dmin=0.0010824203, nan=false, inf=false
  scales[0]=0xec, qs[0]=0x77
  First 10 dequantized values: [-0.004085064, 0.0012073517, 0.017084599, -0.00937748, 0.0064997673, -0.014669895, -0.004085064, 0.0012073517, -0.01996231, -0.041131973]
  First Q4_K block raw bytes (first 20):
    79 06 | bb 12 | af eb f2 fc aa b0 e2 e9 ff 2a 6f ff | b2 b9 8b a7 
    d_raw=0x0679, dmin_raw=0x12bb
  First Q4_K block: d=0.0000987649, dmin=0.0008215904, nan=false, inf=false
  scales[0]=0xaf, qs[0]=0xb2
  First 10 dequantized values: [-0.025222898, 0.0072707534, 0.016554654, -0.0020131469, 0.0072707534, 0.035122454, -0.006655097, 0.021196604, 0.016554654, -0.034506798]
  First Q4_K block raw bytes (first 20):
    e4 02 | a7 0e | fb f0 aa ff a0 5f 9b ff bd f3 9a cd | 61 53 74 20 
    d_raw=0x02e4, dmin_raw=0x0ea7
  First Q4_K block: d=0.000044107437, dmin=0.00040602684, nan=false, inf=false
  scales[0]=0xfb, qs[0]=0x61
  First 10 dequantized values: [-0.01039052, -0.0051858425, -0.0025835037, -0.012992859, -0.01039052, 0.013030529, 0.0026211739, 0.020837545, -0.01039052, -0.0025835037]
  First Q4_K block raw bytes (first 20):
    74 07 | b6 12 | ec b8 bd ff f9 b0 eb ff 3d 3d 4c 77 | 4c 32 7f 8b 
    d_raw=0x0774, dmin_raw=0x12b6
  First Q4_K block: d=0.00011372566, dmin=0.00081920624, nan=false, inf=false
  scales[0]=0xec, qs[0]=0x4c
  First 10 dequantized values: [0.013352394, -0.036686897, 0.028364182, 0.008348465, 0.0033445358, -0.0016593933, -0.0066633224, 0.0033445358, -0.041690826, 0.013352394]
  First Q4_K block raw bytes (first 20):
    c8 08 | e9 15 | e9 9d ee a8 d9 55 a2 9c ff e9 40 18 | c6 68 43 25 
    d_raw=0x08c8, dmin_raw=0x15e9
  First Q4_K block: d=0.00014591217, dmin=0.0014429092, nan=false, inf=false
  scales[0]=0xe9, qs[0]=0xc6
  First 10 dequantized values: [-0.0001783371, 0.011786461, -0.018125534, -0.006160736, -0.012143135, -0.018125534, -0.012143135, 0.053663254, 0.029733658, -0.018125534]
  First Q4_K block raw bytes (first 20):
    ec 06 | c1 13 | e1 a9 ba ff 9c 9c b2 bf e3 af 2d 37 | d4 d6 22 c7 
    d_raw=0x06ec, dmin_raw=0x13c1
  First Q4_K block: d=0.00010561943, dmin=0.00094652176, nan=false, inf=false
  scales[0]=0xe1, qs[0]=0xd4
  First 10 dequantized values: [-0.012560844, -0.005589962, -0.019531727, -0.0021045208, -0.0021045208, 0.022293568, -0.0021045208, -0.019531727, -0.0021045208, 0.011837244]
  First Q4_K block raw bytes (first 20):
    6c 07 | 02 14 | f1 aa b3 ff ec e6 6d ff d8 1c 87 33 | 9a 65 fb 3b 
    d_raw=0x076c, dmin_raw=0x1402
  First Q4_K block: d=0.000113248825, dmin=0.0009784698, nan=false, inf=false
  scales[0]=0xf1, qs[0]=0x9a
  First 10 dequantized values: [0.012439251, -0.015306711, 0.017988443, 0.017988443, -0.015306711, -0.0042083263, 0.012439251, 0.023537636, 0.0013408661, 0.023537636]
  First Q4_K block raw bytes (first 20):
    da 06 | d5 12 | fe b6 e6 b2 b8 ff e0 b2 88 2f 8f bf | a2 b6 8a 86 
    d_raw=0x06da, dmin_raw=0x12d5
  First Q4_K block: d=0.00010454655, dmin=0.0008339882, nan=false, inf=false
  scales[0]=0xfe, qs[0]=0xa2
  First 10 dequantized values: [-0.033739567, -0.007812023, 0.01811552, -0.007812023, -0.007812023, 0.0051517487, 0.031079292, 0.0051517487, 0.01811552, -0.007812023]
  First Q4_K block raw bytes (first 20):
    7c 06 | 06 14 | e6 ff b0 bd de a2 a9 bf 04 b4 1b 9d | 56 99 7c f2 
    d_raw=0x067c, dmin_raw=0x1406
  First Q4_K block: d=0.00009894371, dmin=0.0009822845, nan=false, inf=false
  scales[0]=0xe6, qs[0]=0x56
  First 10 dequantized values: [-0.0069093704, 0.0043702126, 0.015649796, -0.021948814, -0.0069093704, 0.008130074, 0.015649796, -0.014429092, 0.008130074, 0.008130074]
  First Q4_K block raw bytes (first 20):
    57 06 | d0 11 | f2 af b0 a9 ff ae ad a8 ff cd 8b 8a | 03 7d 58 8a 
    d_raw=0x0657, dmin_raw=0x11d0
  First Q4_K block: d=0.00009673834, dmin=0.0007095337, nan=false, inf=false
  scales[0]=0xf2, qs[0]=0x3
  First 10 dequantized values: [-0.030189872, 0.018179297, -0.006005287, 0.0036685467, 0.008505464, -0.010842204, -0.015679121, -0.039863706, -0.020516038, -0.030189872]
  First Q4_K block raw bytes (first 20):
    80 08 | fd 12 | ef af e1 e4 ff fe ef f0 df 2b b0 78 | 79 a7 ed 78 
    d_raw=0x0880, dmin_raw=0x12fd
  First Q4_K block: d=0.0001373291, dmin=0.0008530617, nan=false, inf=false
  scales[0]=0xef, qs[0]=0x79
  First 10 dequantized values: [0.0043473244, -0.008561611, 0.030165195, -0.0021071434, -0.027925014, -0.0021071434, -0.021470547, -0.0021071434, -0.053742886, 0.01725626]
  First Q4_K block raw bytes (first 20):
    e8 06 | 01 13 | f3 a4 b6 ee da a5 6e af ff ee d1 48 | c6 d4 af 94 
    d_raw=0x06e8, dmin_raw=0x1301
  First Q4_K block: d=0.00010538101, dmin=0.000854969, nan=false, inf=false
  scales[0]=0xf3, qs[0]=0xc6
  First 10 dequantized values: [0.010017395, -0.0007314682, 0.05838728, -0.0007314682, 0.010017395, -0.011480331, -0.016854763, 0.010017395, 0.020766258, -0.011480331]
  First Q4_K block raw bytes (first 20):
    b8 08 | 3c 14 | ed a8 e8 f0 f5 ee ee fc f7 27 6f 33 | 4a bd c7 13 
    d_raw=0x08b8, dmin_raw=0x143c
  First Q4_K block: d=0.00014400482, dmin=0.001033783, nan=false, inf=false
  scales[0]=0xed, qs[0]=0x4a
  First 10 dequantized values: [0.010011673, 0.029452324, -0.009428978, -0.035349846, 0.03593254, -0.009428978, 0.003531456, -0.035349846, -0.015909195, -0.054790497]
  First Q4_K block raw bytes (first 20):
    0a 07 | 20 13 | ea ad ea f7 f0 a6 da bc ff 3a 97 92 | d8 38 23 7a 
    d_raw=0x070a, dmin_raw=0x1320
  First Q4_K block: d=0.00010740757, dmin=0.000869751, nan=false, inf=false
  scales[0]=0xea, qs[0]=0xd8
  First 10 dequantized values: [-0.0056591034, -0.0056591034, -0.028214693, 0.0033631325, 0.00787425, 0.012385368, 0.0033631325, 0.016896486, 0.021407604, 0.025918722]
  First Q4_K block raw bytes (first 20):
    62 08 | 32 14 | fe e8 b0 aa bf e9 bd ae df 02 cc f4 | 09 a9 03 82 
    d_raw=0x0862, dmin_raw=0x1432
  First Q4_K block: d=0.00013375282, dmin=0.0010242462, nan=false, inf=false
  scales[0]=0xfe, qs[0]=0x9
  First 10 dequantized values: [0.010106564, 0.010106564, -0.039649487, -0.04794216, 0.0018138885, 0.026691914, -0.03135681, -0.0064787865, -0.023064137, -0.0064787865]
  First Q4_K block raw bytes (first 20):
    ff 0b | d5 17 | a3 a2 bf 75 9e 9b 7f b1 22 04 67 5e | 71 51 85 2c 
    d_raw=0x0bff, dmin_raw=0x17d5
  First Q4_K block: d=0.00024402142, dmin=0.001912117, nan=false, inf=false
  scales[0]=0xa3, qs[0]=0x71
  First 10 dequantized values: [-0.04882276, -0.04882276, -0.014659762, 0.045125484, -0.006119013, 0.019503236, -0.03174126, -0.006119013, -0.05736351, 0.019503236]
  First Q4_K block raw bytes (first 20):
    97 06 | 45 12 | ee f2 fa ff eb ea fe f8 f9 7d cf 39 | a6 7b 96 c5 
    d_raw=0x0697, dmin_raw=0x1245
  First Q4_K block: d=0.000100553036, dmin=0.00076532364, nan=false, inf=false
  scales[0]=0xee, qs[0]=0xa6
  First 10 dequantized values: [-0.0051562786, 0.01797092, -0.0051562786, -0.009781718, 0.01797092, 0.01334548, -0.023658037, 0.03184724, -0.009781718, 0.01797092]
  First Q4_K block raw bytes (first 20):
    0d 07 | 02 12 | b2 f9 a5 bf ff e0 9f ff ee 56 bd ad | 38 1b 3c 35 
    d_raw=0x070d, dmin_raw=0x1202
  First Q4_K block: d=0.000107586384, dmin=0.00073337555, nan=false, inf=false
  scales[0]=0xb2, qs[0]=0x38
  First 10 dequantized values: [-0.003168106, 0.0129698515, 0.01834917, -0.019306064, 0.002211213, -0.04620266, -0.013926744, -0.024685383, 0.01834917, 0.03448713]
  First Q4_K block raw bytes (first 20):
    1f 07 | de 12 | aa e2 bf f9 a8 a8 b1 fc b9 b5 4c f3 | 92 c5 58 97 
    d_raw=0x071f, dmin_raw=0x12de
  First Q4_K block: d=0.00010865927, dmin=0.0008382797, nan=false, inf=false
  scales[0]=0xaa, qs[0]=0x92
  First 10 dequantized values: [-0.02440381, -0.010712743, 0.002978325, -0.0015853643, -0.0061490536, -0.0061490536, -0.019840121, 0.007542014, -0.019840121, -0.0015853643]
  First Q4_K block raw bytes (first 20):
    82 06 | 9e 12 | f1 b0 ee bf b3 b9 ea 6d 80 7c fa c4 | b6 fa d7 ab 
    d_raw=0x0682, dmin_raw=0x129e
  First Q4_K block: d=0.00009930134, dmin=0.00080776215, nan=false, inf=false
  scales[0]=0xf1, qs[0]=0xb6
  First 10 dequantized values: [-0.012001276, 0.0074617863, -0.0071355104, 0.012327552, 0.031790614, 0.0025960207, -0.016867042, 0.012327552, 0.0074617863, 0.0025960207]
  First Q4_K block raw bytes (first 20):
    0b 07 | 5d 12 | fd b3 a4 bf f7 b0 a8 bf b7 8b fa aa | 27 67 ab 96 
    d_raw=0x070b, dmin_raw=0x125d
  First Q4_K block: d=0.000107467175, dmin=0.00077676773, nan=false, inf=false
  scales[0]=0xfd, qs[0]=0x27
  First 10 dequantized values: [0.0031662583, 0.0031662583, 0.029388249, -0.0033892393, -0.036166728, -0.016500235, -0.016500235, 0.035943747, -0.016500235, 0.035943747]
  First Q4_K block raw bytes (first 20):
    cb 04 | 87 0f | ab 9f e5 ac ad f3 df bf 9c 76 ef 4d | b5 88 37 aa 
    d_raw=0x04cb, dmin_raw=0x0f87
  First Q4_K block: d=0.0000731349, dmin=0.0004594326, nan=false, inf=false
  scales[0]=0xab, qs[0]=0xb5
  First 10 dequantized values: [-0.004950464, 0.004483938, 0.0013391376, 0.01077354, 0.026497543, 0.01077354, -0.011240065, -0.008095264, -0.004950464, -0.011240065]
  First Q4_K block raw bytes (first 20):
    d5 08 | 0a 16 | fd eb e9 fd f4 e9 a6 a9 5f fc 72 75 | fc 80 ab cf 
    d_raw=0x08d5, dmin_raw=0x160a
  First Q4_K block: d=0.00014746189, dmin=0.0014743805, nan=false, inf=false
  scales[0]=0xfd, qs[0]=0xfc
  First 10 dequantized values: [0.03127432, -0.076667786, 0.022279143, 0.058259845, 0.0042887926, 0.040269494, -0.013701558, -0.0047063828, -0.013701558, 0.022279143]
  First Q4_K block raw bytes (first 20):
    aa 06 | 95 11 | a1 a6 f0 ff eb a7 fd f1 fe 67 c1 96 | 54 26 7d 5f 
    d_raw=0x06aa, dmin_raw=0x1195
  First Q4_K block: d=0.000101685524, dmin=0.0006814003, nan=false, inf=false
  scales[0]=0xa1, qs[0]=0x54
  First 10 dequantized values: [-0.015877724, -0.009166479, 0.014322877, 0.021034122, -0.029300213, -0.0024552345, 0.014322877, 0.00425601, -0.005810857, 0.00090038776]
  First Q4_K block raw bytes (first 20):
    5b 06 | c4 12 | fd f4 f4 ba ff a9 ab 9a cf 5e 86 8b | 35 2f bc 59 
    d_raw=0x065b, dmin_raw=0x12c4
  First Q4_K block: d=0.00009697676, dmin=0.00082588196, nan=false, inf=false
  scales[0]=0xfd, qs[0]=0x35
  First 10 dequantized values: [-0.022452652, 0.03670317, 0.018956423, 0.0012096763, 0.03670317, 0.0071252584, -0.010621488, 0.013040841, 0.030787587, 0.024872005]
  First Q4_K block raw bytes (first 20):
    35 06 | 6f 11 | f8 ee bf fd bf f3 f7 fc f7 c1 6e d7 | cd bb c8 fd 
    d_raw=0x0635, dmin_raw=0x116f
  First Q4_K block: d=0.00009471178, dmin=0.0006632805, nan=false, inf=false
  scales[0]=0xf8, qs[0]=0xcd
  First 10 dequantized values: [0.027163506, 0.016555786, 0.000644207, 0.027163506, 0.021859646, -0.020571232, -0.04178667, -0.009963512, 0.0059480667, -0.03648281]
  First Q4_K block raw bytes (first 20):
    6f 08 | 60 14 | e8 fd 9f bf e1 ff 59 bb 25 8a df ee | c3 52 70 6f 
    d_raw=0x086f, dmin_raw=0x1460
  First Q4_K block: d=0.00013530254, dmin=0.0010681152, nan=false, inf=false
  scales[0]=0xe8, qs[0]=0xc3
  First 10 dequantized values: [-0.019011497, -0.0244236, -0.035247803, 0.045933723, -0.019011497, -0.035247803, 0.024285316, -0.008187294, 0.018873215, 0.013461113]
  First Q4_K block raw bytes (first 20):
    8f 08 | 2f 14 | a4 eb bf f2 a4 a4 bf ee 48 b0 a8 32 | 77 57 b0 44 
    d_raw=0x088f, dmin_raw=0x142f
  First Q4_K block: d=0.00013911724, dmin=0.0010213852, nan=false, inf=false
  scales[0]=0xa4, qs[0]=0x77
  First 10 dequantized values: [-0.0017123222, -0.0017123222, -0.036769867, -0.016736984, 0.01331234, -0.016736984, 0.0032958984, 0.023328781, -0.011728764, -0.026753426]
  First Q4_K block raw bytes (first 20):
    21 08 | cb 14 | e7 fa ee f5 e5 fc d5 ef 37 ec 4a ff | 69 77 8c 76 
    d_raw=0x0821, dmin_raw=0x14cb
  First Q4_K block: d=0.00012600422, dmin=0.0011701584, nan=false, inf=false
  scales[0]=0xe7, qs[0]=0x69
  First 10 dequantized values: [0.0009316206, -0.0088967085, 0.015674114, -0.013810873, 0.005845785, -0.023639202, 0.005845785, 0.0009316206, 0.01075995, 0.005845785]
  First Q4_K block raw bytes (first 20):
    2c 08 | 3a 13 | a5 bf a2 ac 66 bf 5e b0 c5 9b b3 f5 | 42 15 55 38 
    d_raw=0x082c, dmin_raw=0x133a
  First Q4_K block: d=0.00012731552, dmin=0.00088214874, nan=false, inf=false
  scales[0]=0xa5, qs[0]=0x42
  First 10 dequantized values: [-0.024100304, -0.009968281, -0.009968281, 0.004163742, 0.008874416, 0.027717113, -0.014678955, 0.008874416, 0.02300644, 0.004163742]
  First Q4_K block raw bytes (first 20):
    a3 06 | 90 12 | f5 f5 bb f6 f3 f5 b5 b6 ff 34 a9 d7 | 6d c6 c8 5d 
    d_raw=0x06a3, dmin_raw=0x1290
  First Q4_K block: d=0.00010126829, dmin=0.0008010864, nan=false, inf=false
  scales[0]=0xf5, qs[0]=0x6d
  First 10 dequantized values: [0.028918445, -0.008652091, 0.0020823479, 0.028918445, -0.02475375, 0.0020823479, -0.008652091, 0.0020823479, -0.030120969, -0.02475375]
  First Q4_K block raw bytes (first 20):
    3a 08 | a9 14 | fa 7f e1 ef ec 70 9b eb 01 7b 74 f8 | 46 68 93 ed 
    d_raw=0x083a, dmin_raw=0x14a9
  First Q4_K block: d=0.00012898445, dmin=0.0011377335, nan=false, inf=false
  scales[0]=0xfa, qs[0]=0x46
  First 10 dequantized values: [-0.005173683, 0.009788513, -0.027616978, 0.047194004, 0.017269611, 0.017269611, 0.009788513, -0.02013588, 0.047194004, -0.035098076]
  First Q4_K block raw bytes (first 20):
    92 06 | ca 12 | f2 b4 e8 ec aa aa de da e5 ac 64 ff | 59 68 f4 09 
    d_raw=0x0692, dmin_raw=0x12ca
  First Q4_K block: d=0.00010025501, dmin=0.000828743, nan=false, inf=false
  scales[0]=0xf2, qs[0]=0x59
  First 10 dequantized values: [0.01030755, 0.0052948, -0.014756203, 0.01030755, 0.0052948, 0.0052948, -0.009743452, 0.00028204918, -0.034807205, 0.0052948]
✅ Model weights loaded successfully

5️⃣ Generating First Token (Greedy)
-----------------------------------
✅ Forward pass completed
   Logits shape: 32000
✅ Top 20 tokens:
   1: cl (id: 695, logit: 8.274337)
   2: ▁Conse (id: 15946, logit: 7.621350)
   3: ▁len (id: 7431, logit: 7.420093)
   4: ▁Bür (id: 15455, logit: 6.969905)
   5: datas (id: 14538, logit: 6.824299)
   6: раз (id: 6117, logit: 6.694004)
   7: onymes (id: 12484, logit: 6.668890)
   8: ▁tent (id: 12033, logit: 6.637021)
   9: <0xB2> (id: 181, logit: 6.572700)
   10: ikz (id: 9510, logit: 6.507238)
   11: mary (id: 5219, logit: 6.484797)
   12: сы (id: 5551, logit: 6.443489)
   13: alis (id: 5711, logit: 6.438795)
   14: Hi (id: 18567, logit: 6.415867)
   15: imos (id: 18594, logit: 6.390086)
   16: ▁./ (id: 11431, logit: 6.344121)
   17: erna (id: 10989, logit: 6.337085)
   18: ▁peace (id: 10776, logit: 6.324998)
   19: asons (id: 7040, logit: 6.291823)
   20: uma (id: 10859, logit: 6.240668)

🔍 Checking specific expected tokens:
   How: id=5328, logit=0.065436, rank=8902
   ▁How: id=1128, logit=-0.216638, rank=22510
   there: id=12711, logit=-0.201740, rank=22447
   ▁there: id=727, logit=0.302493, rank=7959
   ▁there: id=727, logit=0.302493, rank=7959
   !: id=29991, logit=0.000000, rank=19668

6️⃣ Analysis
------------
Our greedy output: 'cl'
Expected behavior: Should be deterministic with greedy sampling
✅ Getting reasonable token: 'cl'
